[INFO] Error stacktraces are turned on.
[INFO] Scanning for projects...
[WARNING] 
[WARNING] Some problems were encountered while building the effective model for at.aau.serg:WebSocket-Server:jar:0.0.1-SNAPSHOT
[WARNING] 'build.plugins.plugin.(groupId:artifactId)' must be unique but found duplicate declaration of plugin org.apache.maven.plugins:maven-compiler-plugin @ line 216, column 21
[WARNING] 
[WARNING] It is highly recommended to fix these problems because they threaten the stability of your build.
[WARNING] 
[WARNING] For this reason, future Maven versions might no longer support building such malformed projects.
[WARNING] 
[INFO] 
[INFO] --------------------< at.aau.serg:WebSocket-Server >--------------------
[INFO] Building WebSocketDemo-Server 0.0.1-SNAPSHOT
[INFO]   from pom.xml
[INFO] --------------------------------[ jar ]---------------------------------
[INFO] 
[INFO] --- clean:3.2.0:clean (default-clean) @ WebSocket-Server ---
[INFO] 
[INFO] --- jacoco:0.8.8:prepare-agent (prepare-agent) @ WebSocket-Server ---
[INFO] argLine set to -javaagent:C:\\Users\\andy1\\.m2\\repository\\org\\jacoco\\org.jacoco.agent\\0.8.8\\org.jacoco.agent-0.8.8-runtime.jar=destfile=C:\\Users\\andy1\\Projekte\\Backend-SDL\\target\\jacoco.exec
[INFO] 
[INFO] --- resources:3.2.0:resources (default-resources) @ WebSocket-Server ---
[INFO] Using 'UTF-8' encoding to copy filtered resources.
[INFO] Using 'UTF-8' encoding to copy filtered properties files.
[INFO] Copying 1 resource
[INFO] Copying 2 resources
[INFO] 
[INFO] --- compiler:3.8.1:compile (compile) @ WebSocket-Server ---
[INFO] Changes detected - recompiling the module!
[INFO] Compiling 32 source files to C:\Users\andy1\Projekte\Backend-SDL\target\classes
[INFO] -------------------------------------------------------------
[ERROR] COMPILATION ERROR : 
[INFO] -------------------------------------------------------------
[ERROR] /C:/Users/andy1/Projekte/Backend-SDL/src/main/java/at/aau/serg/websocketserver/websocket/broker/WebSocketBrokerController.java:[111,52] Symbol nicht gefunden
  Symbol: Methode getValidNextFields(int)
  Ort: Variable boardService von Typ at.aau.serg.websocketserver.board.BoardService
[ERROR] /C:/Users/andy1/Projekte/Backend-SDL/src/main/java/at/aau/serg/websocketserver/websocket/broker/WebSocketBrokerController.java:[138,56] Symbol nicht gefunden
  Symbol: Methode getValidNextFields(int)
  Ort: Variable boardService von Typ at.aau.serg.websocketserver.board.BoardService
[ERROR] /C:/Users/andy1/Projekte/Backend-SDL/src/main/java/at/aau/serg/websocketserver/websocket/broker/WebSocketBrokerController.java:[213,44] Symbol nicht gefunden
  Symbol: Methode getValidNextFields(int)
  Ort: Variable boardService von Typ at.aau.serg.websocketserver.board.BoardService
[ERROR] /C:/Users/andy1/Projekte/Backend-SDL/src/main/java/at/aau/serg/websocketserver/websocket/broker/MoveHandler.java:[86,21] Symbol nicht gefunden
  Symbol: Methode updatePlayerPosition(java.lang.String,int)
  Ort: Variable boardService von Typ at.aau.serg.websocketserver.board.BoardService
[INFO] 4 errors 
[INFO] -------------------------------------------------------------
[INFO] ------------------------------------------------------------------------
[INFO] BUILD FAILURE
[INFO] ------------------------------------------------------------------------
[INFO] Total time:  8.023 s
[INFO] Finished at: 2025-06-02T07:42:25+02:00
[INFO] ------------------------------------------------------------------------
[ERROR] Failed to execute goal org.apache.maven.plugins:maven-compiler-plugin:3.8.1:compile (compile) on project WebSocket-Server: Compilation failure: Compilation failure: 
[ERROR] /C:/Users/andy1/Projekte/Backend-SDL/src/main/java/at/aau/serg/websocketserver/websocket/broker/WebSocketBrokerController.java:[111,52] Symbol nicht gefunden
[ERROR]   Symbol: Methode getValidNextFields(int)
[ERROR]   Ort: Variable boardService von Typ at.aau.serg.websocketserver.board.BoardService
[ERROR] /C:/Users/andy1/Projekte/Backend-SDL/src/main/java/at/aau/serg/websocketserver/websocket/broker/WebSocketBrokerController.java:[138,56] Symbol nicht gefunden
[ERROR]   Symbol: Methode getValidNextFields(int)
[ERROR]   Ort: Variable boardService von Typ at.aau.serg.websocketserver.board.BoardService
[ERROR] /C:/Users/andy1/Projekte/Backend-SDL/src/main/java/at/aau/serg/websocketserver/websocket/broker/WebSocketBrokerController.java:[213,44] Symbol nicht gefunden
[ERROR]   Symbol: Methode getValidNextFields(int)
[ERROR]   Ort: Variable boardService von Typ at.aau.serg.websocketserver.board.BoardService
[ERROR] /C:/Users/andy1/Projekte/Backend-SDL/src/main/java/at/aau/serg/websocketserver/websocket/broker/MoveHandler.java:[86,21] Symbol nicht gefunden
[ERROR]   Symbol: Methode updatePlayerPosition(java.lang.String,int)
[ERROR]   Ort: Variable boardService von Typ at.aau.serg.websocketserver.board.BoardService
[ERROR] -> [Help 1]
org.apache.maven.lifecycle.LifecycleExecutionException: Failed to execute goal org.apache.maven.plugins:maven-compiler-plugin:3.8.1:compile (compile) on project WebSocket-Server: Compilation failure
    at org.apache.maven.lifecycle.internal.MojoExecutor.doExecute2 (MojoExecutor.java:333)
    at org.apache.maven.lifecycle.internal.MojoExecutor.doExecute (MojoExecutor.java:316)
    at org.apache.maven.lifecycle.internal.MojoExecutor.execute (MojoExecutor.java:212)
    at org.apache.maven.lifecycle.internal.MojoExecutor.execute (MojoExecutor.java:174)
    at org.apache.maven.lifecycle.internal.MojoExecutor.access$000 (MojoExecutor.java:75)
    at org.apache.maven.lifecycle.internal.MojoExecutor$1.run (MojoExecutor.java:162)
    at org.apache.maven.plugin.DefaultMojosExecutionStrategy.execute (DefaultMojosExecutionStrategy.java:39)
    at org.apache.maven.lifecycle.internal.MojoExecutor.execute (MojoExecutor.java:159)
    at org.apache.maven.lifecycle.internal.LifecycleModuleBuilder.buildProject (LifecycleModuleBuilder.java:105)
    at org.apache.maven.lifecycle.internal.LifecycleModuleBuilder.buildProject (LifecycleModuleBuilder.java:73)
    at org.apache.maven.lifecycle.internal.builder.singlethreaded.SingleThreadedBuilder.build (SingleThreadedBuilder.java:53)
    at org.apache.maven.lifecycle.internal.LifecycleStarter.execute (LifecycleStarter.java:118)
    at org.apache.maven.DefaultMaven.doExecute (DefaultMaven.java:261)
    at org.apache.maven.DefaultMaven.doExecute (DefaultMaven.java:173)
    at org.apache.maven.DefaultMaven.execute (DefaultMaven.java:101)
    at org.apache.maven.cli.MavenCli.execute (MavenCli.java:906)
    at org.apache.maven.cli.MavenCli.doMain (MavenCli.java:283)
    at org.apache.maven.cli.MavenCli.main (MavenCli.java:206)
    at jdk.internal.reflect.DirectMethodHandleAccessor.invoke (DirectMethodHandleAccessor.java:103)
    at java.lang.reflect.Method.invoke (Method.java:580)
    at org.codehaus.plexus.classworlds.launcher.Launcher.launchEnhanced (Launcher.java:255)
    at org.codehaus.plexus.classworlds.launcher.Launcher.launch (Launcher.java:201)
    at org.codehaus.plexus.classworlds.launcher.Launcher.mainWithExitCode (Launcher.java:361)
    at org.codehaus.plexus.classworlds.launcher.Launcher.main (Launcher.java:314)
Caused by: org.apache.maven.plugin.compiler.CompilationFailureException: Compilation failure
    at org.apache.maven.plugin.compiler.AbstractCompilerMojo.execute (AbstractCompilerMojo.java:1220)
    at org.apache.maven.plugin.compiler.CompilerMojo.execute (CompilerMojo.java:187)
    at org.apache.maven.plugin.DefaultBuildPluginManager.executeMojo (DefaultBuildPluginManager.java:126)
    at org.apache.maven.lifecycle.internal.MojoExecutor.doExecute2 (MojoExecutor.java:328)
    at org.apache.maven.lifecycle.internal.MojoExecutor.doExecute (MojoExecutor.java:316)
    at org.apache.maven.lifecycle.internal.MojoExecutor.execute (MojoExecutor.java:212)
    at org.apache.maven.lifecycle.internal.MojoExecutor.execute (MojoExecutor.java:174)
    at org.apache.maven.lifecycle.internal.MojoExecutor.access$000 (MojoExecutor.java:75)
    at org.apache.maven.lifecycle.internal.MojoExecutor$1.run (MojoExecutor.java:162)
    at org.apache.maven.plugin.DefaultMojosExecutionStrategy.execute (DefaultMojosExecutionStrategy.java:39)
    at org.apache.maven.lifecycle.internal.MojoExecutor.execute (MojoExecutor.java:159)
    at org.apache.maven.lifecycle.internal.LifecycleModuleBuilder.buildProject (LifecycleModuleBuilder.java:105)
    at org.apache.maven.lifecycle.internal.LifecycleModuleBuilder.buildProject (LifecycleModuleBuilder.java:73)
    at org.apache.maven.lifecycle.internal.builder.singlethreaded.SingleThreadedBuilder.build (SingleThreadedBuilder.java:53)
    at org.apache.maven.lifecycle.internal.LifecycleStarter.execute (LifecycleStarter.java:118)
    at org.apache.maven.DefaultMaven.doExecute (DefaultMaven.java:261)
    at org.apache.maven.DefaultMaven.doExecute (DefaultMaven.java:173)
    at org.apache.maven.DefaultMaven.execute (DefaultMaven.java:101)
    at org.apache.maven.cli.MavenCli.execute (MavenCli.java:906)
    at org.apache.maven.cli.MavenCli.doMain (MavenCli.java:283)
    at org.apache.maven.cli.MavenCli.main (MavenCli.java:206)
    at jdk.internal.reflect.DirectMethodHandleAccessor.invoke (DirectMethodHandleAccessor.java:103)
    at java.lang.reflect.Method.invoke (Method.java:580)
    at org.codehaus.plexus.classworlds.launcher.Launcher.launchEnhanced (Launcher.java:255)
    at org.codehaus.plexus.classworlds.launcher.Launcher.launch (Launcher.java:201)
    at org.codehaus.plexus.classworlds.launcher.Launcher.mainWithExitCode (Launcher.java:361)
    at org.codehaus.plexus.classworlds.launcher.Launcher.main (Launcher.java:314)
[ERROR] 
[ERROR] Re-run Maven using the -X switch to enable full debug logging.
[ERROR] 
[ERROR] For more information about the errors and possible solutions, please read the following articles:
[ERROR] [Help 1] http://cwiki.apache.org/confluence/display/MAVEN/MojoFailureException
