[INFO] Scanning for projects...
[WARNING] 
[WARNING] Some problems were encountered while building the effective model for at.aau.serg:WebSocket-Server:jar:0.0.1-SNAPSHOT
[WARNING] 'build.plugins.plugin.(groupId:artifactId)' must be unique but found duplicate declaration of plugin org.apache.maven.plugins:maven-compiler-plugin @ line 216, column 21
[WARNING] 
[WARNING] It is highly recommended to fix these problems because they threaten the stability of your build.
[WARNING] 
[WARNING] For this reason, future Maven versions might no longer support building such malformed projects.
[WARNING] 
[INFO] 
[INFO] --------------------< at.aau.serg:WebSocket-Server >--------------------
[INFO] Building WebSocketDemo-Server 0.0.1-SNAPSHOT
[INFO]   from pom.xml
[INFO] --------------------------------[ jar ]---------------------------------
[INFO] 
[INFO] --- jacoco:0.8.8:prepare-agent (prepare-agent) @ WebSocket-Server ---
[INFO] argLine set to -javaagent:C:\\Users\\andy1\\.m2\\repository\\org\\jacoco\\org.jacoco.agent\\0.8.8\\org.jacoco.agent-0.8.8-runtime.jar=destfile=C:\\Users\\andy1\\Projekte\\Backend-SDL\\target\\jacoco.exec
[INFO] 
[INFO] --- resources:3.2.0:resources (default-resources) @ WebSocket-Server ---
[INFO] Using 'UTF-8' encoding to copy filtered resources.
[INFO] Using 'UTF-8' encoding to copy filtered properties files.
[INFO] Copying 1 resource
[INFO] Copying 2 resources
[INFO] 
[INFO] --- compiler:3.8.1:compile (compile) @ WebSocket-Server ---
[INFO] Nothing to compile - all classes are up to date
[INFO] 
[INFO] --- kotlin:2.1.20:compile (compile) @ WebSocket-Server ---
[INFO] No sources to compile
[INFO] 
[INFO] --- resources:3.2.0:testResources (default-testResources) @ WebSocket-Server ---
[INFO] Using 'UTF-8' encoding to copy filtered resources.
[INFO] Using 'UTF-8' encoding to copy filtered properties files.
[INFO] Copying 1 resource
[INFO] 
[INFO] --- compiler:3.8.1:testCompile (testCompile) @ WebSocket-Server ---
[INFO] Changes detected - recompiling the module!
[INFO] Compiling 23 source files to C:\Users\andy1\Projekte\Backend-SDL\target\test-classes
[INFO] /C:/Users/andy1/Projekte/Backend-SDL/src/test/java/at/aau/serg/websocketserver/board/BoardDataTest.java: C:\Users\andy1\Projekte\Backend-SDL\src\test\java\at\aau\serg\websocketserver\board\BoardDataTest.java verwendet oder ³berschreibt eine veraltete API.
[INFO] /C:/Users/andy1/Projekte/Backend-SDL/src/test/java/at/aau/serg/websocketserver/board/BoardDataTest.java: Wiederholen Sie die Kompilierung mit -Xlint:deprecation, um Details zu erhalten.
[INFO] 
[INFO] --- kotlin:2.1.20:test-compile (test-compile) @ WebSocket-Server ---
[INFO] No sources to compile
[INFO] 
[INFO] --- surefire:2.22.2:test (default-test) @ WebSocket-Server ---
[INFO] 
[INFO] -------------------------------------------------------
[INFO]  T E S T S
[INFO] -------------------------------------------------------
[INFO] Running at.aau.serg.websocketserver.board.BoardServiceComplexTest
[ERROR] Tests run: 9, Failures: 3, Errors: 0, Skipped: 0, Time elapsed: 2.286 s <<< FAILURE! - in at.aau.serg.websocketserver.board.BoardServiceComplexTest
[ERROR] testGetMoveOptionsWithBranch  Time elapsed: 0.021 s  <<< FAILURE!
org.opentest4j.AssertionFailedError: Es sollten zwei Bewegungsoptionen vorhanden sein ==> expected: <2> but was: <1>
	at at.aau.serg.websocketserver.board.BoardServiceComplexTest.testGetMoveOptionsWithBranch(BoardServiceComplexTest.java:61)

[ERROR] testGetPlayerField  Time elapsed: 0.006 s  <<< FAILURE!
org.opentest4j.AssertionFailedError: Das Feld des Spielers sollte bei Integer-ID nicht null sein ==> expected: not <null>
	at at.aau.serg.websocketserver.board.BoardServiceComplexTest.testGetPlayerField(BoardServiceComplexTest.java:142)

[ERROR] testGetMoveOptionsWithMultipleSteps  Time elapsed: 0.005 s  <<< FAILURE!
org.opentest4j.AssertionFailedError: Nach zwei Schritten sollten zwei Optionen verf³gbar sein ==> expected: <2> but was: <1>
	at at.aau.serg.websocketserver.board.BoardServiceComplexTest.testGetMoveOptionsWithMultipleSteps(BoardServiceComplexTest.java:70)

[INFO] 
[INFO] Results:
[INFO] 
[ERROR] Failures: 
[ERROR]   BoardServiceComplexTest.testGetMoveOptionsWithBranch:61 Es sollten zwei Bewegungsoptionen vorhanden sein ==> expected: <2> but was: <1>
[ERROR]   BoardServiceComplexTest.testGetMoveOptionsWithMultipleSteps:70 Nach zwei Schritten sollten zwei Optionen verf³gbar sein ==> expected: <2> but was: <1>
[ERROR]   BoardServiceComplexTest.testGetPlayerField:142 Das Feld des Spielers sollte bei Integer-ID nicht null sein ==> expected: not <null>
[INFO] 
[ERROR] Tests run: 9, Failures: 3, Errors: 0, Skipped: 0
[INFO] 
[INFO] ------------------------------------------------------------------------
[INFO] BUILD FAILURE
[INFO] ------------------------------------------------------------------------
[INFO] Total time:  12.477 s
[INFO] Finished at: 2025-06-02T07:45:37+02:00
[INFO] ------------------------------------------------------------------------
[ERROR] Failed to execute goal org.apache.maven.plugins:maven-surefire-plugin:2.22.2:test (default-test) on project WebSocket-Server: There are test failures.
[ERROR] 
[ERROR] Please refer to C:\Users\andy1\Projekte\Backend-SDL\target\surefire-reports for the individual test results.
[ERROR] Please refer to dump files (if any exist) [date].dump, [date]-jvmRun[N].dump and [date].dumpstream.
[ERROR] -> [Help 1]
[ERROR] 
[ERROR] To see the full stack trace of the errors, re-run Maven with the -e switch.
[ERROR] Re-run Maven using the -X switch to enable full debug logging.
[ERROR] 
[ERROR] For more information about the errors and possible solutions, please read the following articles:
[ERROR] [Help 1] http://cwiki.apache.org/confluence/display/MAVEN/MojoFailureException
